n=1 C(2): rows=212, map_parameters=32, gb_parameters=4, Layer3_Lie_rows=92, scalar_K_rows=20
  exact: gb_a1_p_b1_p; nonzero_f_coefficients=6
  exact: gb_a1_p_b1_m; nonzero_f_coefficients=6
  exact: gb_a1_m_b1_p; nonzero_f_coefficients=6
  exact: gb_a1_m_b1_m; nonzero_f_coefficients=6
  exact: Layer 3 profile=uniform_positive; nonzero_f_coefficients=24
n=2 C(3): rows=2748, map_parameters=176, gb_parameters=8, Layer3_Lie_rows=568, scalar_K_rows=84
  exact: gb_a1_p_b1_p; nonzero_f_coefficients=11
  exact: gb_a1_p_b1_m; nonzero_f_coefficients=11
  exact: gb_a1_p_b2_p; nonzero_f_coefficients=12
  exact: gb_a1_p_b2_m; nonzero_f_coefficients=12
  exact: gb_a1_m_b1_p; nonzero_f_coefficients=11
  exact: gb_a1_m_b1_m; nonzero_f_coefficients=11
  exact: gb_a1_m_b2_p; nonzero_f_coefficients=12
  exact: gb_a1_m_b2_m; nonzero_f_coefficients=12
  exact: Layer 3 profile=uniform_positive; nonzero_f_coefficients=92
n=3 C(4): rows=13976, map_parameters=528, gb_parameters=12, Layer3_Lie_rows=1660, scalar_K_rows=180
  exact: gb_a1_p_b1_p; nonzero_f_coefficients=16
  exact: gb_a1_p_b1_m; nonzero_f_coefficients=16
  exact: gb_a1_p_b2_p; nonzero_f_coefficients=17
  exact: gb_a1_p_b2_m; nonzero_f_coefficients=17
  exact: gb_a1_p_b3_p; nonzero_f_coefficients=17
  exact: gb_a1_p_b3_m; nonzero_f_coefficients=17
  exact: gb_a1_m_b1_p; nonzero_f_coefficients=16
  exact: gb_a1_m_b1_m; nonzero_f_coefficients=16
  exact: gb_a1_m_b2_p; nonzero_f_coefficients=17
  exact: gb_a1_m_b2_m; nonzero_f_coefficients=17
  exact: gb_a1_m_b3_p; nonzero_f_coefficients=17
  exact: gb_a1_m_b3_m; nonzero_f_coefficients=17
  exact: Layer 3 profile=uniform_positive; nonzero_f_coefficients=200
PASS: exact rational coboundary witnesses verified for 24/24 gb directions and all three Layer 3 profiles.
